[2026-07-22 15:07:05,900: INFO/MainProcess] beat: Starting...
[2026-07-22 15:07:05,945: INFO/MainProcess] Scheduler: Sending due task absent-check (app.tasks.slot_tasks.check_absences)
[2026-07-22 15:07:05,958: INFO/MainProcess] Scheduler: Sending due task slot-reminders (app.tasks.slot_tasks.send_slot_reminders)
[2026-07-22 15:08:05,941: INFO/MainProcess] Scheduler: Sending due task absent-check (app.tasks.slot_tasks.check_absences)
[2026-07-22 15:08:05,958: INFO/MainProcess] Scheduler: Sending due task slot-reminders (app.tasks.slot_tasks.send_slot_reminders)
[2026-07-22 15:09:05,941: INFO/MainProcess] Scheduler: Sending due task absent-check (app.tasks.slot_tasks.check_absences)
[2026-07-22 15:09:05,958: INFO/MainProcess] Scheduler: Sending due task slot-reminders (app.tasks.slot_tasks.send_slot_reminders)
[2026-07-22 15:10:05,941: INFO/MainProcess] Scheduler: Sending due task absent-check (app.tasks.slot_tasks.check_absences)
[2026-07-22 15:10:05,958: INFO/MainProcess] Scheduler: Sending due task slot-reminders (app.tasks.slot_tasks.send_slot_reminders)
[2026-07-22 15:11:05,941: INFO/MainProcess] Scheduler: Sending due task absent-check (app.tasks.slot_tasks.check_absences)
[2026-07-22 15:11:05,958: INFO/MainProcess] Scheduler: Sending due task slot-reminders (app.tasks.slot_tasks.send_slot_reminders)
[2026-07-22 15:12:05,941: INFO/MainProcess] Scheduler: Sending due task absent-check (app.tasks.slot_tasks.check_absences)
[2026-07-22 15:12:05,958: INFO/MainProcess] Scheduler: Sending due task slot-reminders (app.tasks.slot_tasks.send_slot_reminders)
[2026-07-22 15:13:05,941: INFO/MainProcess] Scheduler: Sending due task absent-check (app.tasks.slot_tasks.check_absences)
[2026-07-22 15:13:05,958: INFO/MainProcess] Scheduler: Sending due task slot-reminders (app.tasks.slot_tasks.send_slot_reminders)
[2026-07-22 15:14:05,941: INFO/MainProcess] Scheduler: Sending due task absent-check (app.tasks.slot_tasks.check_absences)
[2026-07-22 15:14:05,958: INFO/MainProcess] Scheduler: Sending due task slot-reminders (app.tasks.slot_tasks.send_slot_reminders)
[2026-07-22 15:15:05,941: INFO/MainProcess] Scheduler: Sending due task absent-check (app.tasks.slot_tasks.check_absences)
[2026-07-22 15:15:05,958: INFO/MainProcess] Scheduler: Sending due task slot-reminders (app.tasks.slot_tasks.send_slot_reminders)
[2026-07-22 15:16:05,941: INFO/MainProcess] Scheduler: Sending due task absent-check (app.tasks.slot_tasks.check_absences)
[2026-07-22 15:16:05,958: INFO/MainProcess] Scheduler: Sending due task slot-reminders (app.tasks.slot_tasks.send_slot_reminders)
[2026-07-22 15:17:05,941: INFO/MainProcess] Scheduler: Sending due task absent-check (app.tasks.slot_tasks.check_absences)
[2026-07-22 15:17:05,958: INFO/MainProcess] Scheduler: Sending due task slot-reminders (app.tasks.slot_tasks.send_slot_reminders)
[2026-07-22 15:18:05,941: INFO/MainProcess] Scheduler: Sending due task absent-check (app.tasks.slot_tasks.check_absences)
[2026-07-22 15:18:05,958: INFO/MainProcess] Scheduler: Sending due task slot-reminders (app.tasks.slot_tasks.send_slot_reminders)
[2026-07-22 15:19:05,942: INFO/MainProcess] Scheduler: Sending due task absent-check (app.tasks.slot_tasks.check_absences)
[2026-07-22 15:19:05,958: INFO/MainProcess] Scheduler: Sending due task slot-reminders (app.tasks.slot_tasks.send_slot_reminders)
[2026-07-22 15:20:05,942: INFO/MainProcess] Scheduler: Sending due task absent-check (app.tasks.slot_tasks.check_absences)
[2026-07-22 15:20:05,958: INFO/MainProcess] Scheduler: Sending due task slot-reminders (app.tasks.slot_tasks.send_slot_reminders)
[2026-07-22 15:21:05,942: INFO/MainProcess] Scheduler: Sending due task absent-check (app.tasks.slot_tasks.check_absences)
[2026-07-22 15:21:05,958: INFO/MainProcess] Scheduler: Sending due task slot-reminders (app.tasks.slot_tasks.send_slot_reminders)
[2026-07-22 15:22:05,942: INFO/MainProcess] Scheduler: Sending due task absent-check (app.tasks.slot_tasks.check_absences)
[2026-07-22 15:22:05,958: INFO/MainProcess] Scheduler: Sending due task slot-reminders (app.tasks.slot_tasks.send_slot_reminders)
[2026-07-22 15:23:05,942: INFO/MainProcess] Scheduler: Sending due task absent-check (app.tasks.slot_tasks.check_absences)
[2026-07-22 15:23:05,958: INFO/MainProcess] Scheduler: Sending due task slot-reminders (app.tasks.slot_tasks.send_slot_reminders)
[2026-07-22 15:24:05,942: INFO/MainProcess] Scheduler: Sending due task absent-check (app.tasks.slot_tasks.check_absences)
[2026-07-22 15:24:05,958: INFO/MainProcess] Scheduler: Sending due task slot-reminders (app.tasks.slot_tasks.send_slot_reminders)
[2026-07-22 15:25:05,942: INFO/MainProcess] Scheduler: Sending due task absent-check (app.tasks.slot_tasks.check_absences)
[2026-07-22 15:25:05,958: INFO/MainProcess] Scheduler: Sending due task slot-reminders (app.tasks.slot_tasks.send_slot_reminders)
[2026-07-22 15:26:05,942: INFO/MainProcess] Scheduler: Sending due task absent-check (app.tasks.slot_tasks.check_absences)
[2026-07-22 15:26:05,959: INFO/MainProcess] Scheduler: Sending due task slot-reminders (app.tasks.slot_tasks.send_slot_reminders)
[2026-07-22 15:27:05,942: INFO/MainProcess] Scheduler: Sending due task absent-check (app.tasks.slot_tasks.check_absences)
[2026-07-22 15:27:05,959: INFO/MainProcess] Scheduler: Sending due task slot-reminders (app.tasks.slot_tasks.send_slot_reminders)
[2026-07-22 15:28:05,942: INFO/MainProcess] Scheduler: Sending due task absent-check (app.tasks.slot_tasks.check_absences)
[2026-07-22 15:28:05,959: INFO/MainProcess] Scheduler: Sending due task slot-reminders (app.tasks.slot_tasks.send_slot_reminders)
[2026-07-22 15:29:05,942: INFO/MainProcess] Scheduler: Sending due task absent-check (app.tasks.slot_tasks.check_absences)
[2026-07-22 15:29:05,959: INFO/MainProcess] Scheduler: Sending due task slot-reminders (app.tasks.slot_tasks.send_slot_reminders)
[2026-07-22 15:30:05,942: INFO/MainProcess] Scheduler: Sending due task absent-check (app.tasks.slot_tasks.check_absences)
[2026-07-22 15:30:05,959: INFO/MainProcess] Scheduler: Sending due task slot-reminders (app.tasks.slot_tasks.send_slot_reminders)
[2026-07-22 15:31:05,942: INFO/MainProcess] Scheduler: Sending due task absent-check (app.tasks.slot_tasks.check_absences)
[2026-07-22 15:31:05,959: INFO/MainProcess] Scheduler: Sending due task slot-reminders (app.tasks.slot_tasks.send_slot_reminders)
[2026-07-22 15:32:05,942: INFO/MainProcess] Scheduler: Sending due task absent-check (app.tasks.slot_tasks.check_absences)
[2026-07-22 15:32:05,959: INFO/MainProcess] Scheduler: Sending due task slot-reminders (app.tasks.slot_tasks.send_slot_reminders)
[2026-07-22 15:33:05,942: INFO/MainProcess] Scheduler: Sending due task absent-check (app.tasks.slot_tasks.check_absences)
[2026-07-22 15:33:05,959: INFO/MainProcess] Scheduler: Sending due task slot-reminders (app.tasks.slot_tasks.send_slot_reminders)
[2026-07-22 15:34:05,942: INFO/MainProcess] Scheduler: Sending due task absent-check (app.tasks.slot_tasks.check_absences)
[2026-07-22 15:34:05,959: INFO/MainProcess] Scheduler: Sending due task slot-reminders (app.tasks.slot_tasks.send_slot_reminders)
[2026-07-22 15:35:05,942: INFO/MainProcess] Scheduler: Sending due task absent-check (app.tasks.slot_tasks.check_absences)
[2026-07-22 15:35:05,959: INFO/MainProcess] Scheduler: Sending due task slot-reminders (app.tasks.slot_tasks.send_slot_reminders)
[2026-07-22 15:36:05,942: INFO/MainProcess] Scheduler: Sending due task absent-check (app.tasks.slot_tasks.check_absences)
[2026-07-22 15:36:05,959: INFO/MainProcess] Scheduler: Sending due task slot-reminders (app.tasks.slot_tasks.send_slot_reminders)
[2026-07-22 15:37:05,942: INFO/MainProcess] Scheduler: Sending due task absent-check (app.tasks.slot_tasks.check_absences)
[2026-07-22 15:37:05,959: INFO/MainProcess] Scheduler: Sending due task slot-reminders (app.tasks.slot_tasks.send_slot_reminders)
[2026-07-22 15:38:05,942: INFO/MainProcess] Scheduler: Sending due task absent-check (app.tasks.slot_tasks.check_absences)
[2026-07-22 15:38:05,959: INFO/MainProcess] Scheduler: Sending due task slot-reminders (app.tasks.slot_tasks.send_slot_reminders)
[2026-07-22 15:39:05,943: INFO/MainProcess] Scheduler: Sending due task absent-check (app.tasks.slot_tasks.check_absences)
[2026-07-22 15:39:05,959: INFO/MainProcess] Scheduler: Sending due task slot-reminders (app.tasks.slot_tasks.send_slot_reminders)
[2026-07-22 15:40:05,942: INFO/MainProcess] Scheduler: Sending due task absent-check (app.tasks.slot_tasks.check_absences)
[2026-07-22 15:40:05,959: INFO/MainProcess] Scheduler: Sending due task slot-reminders (app.tasks.slot_tasks.send_slot_reminders)
[2026-07-22 15:41:05,943: INFO/MainProcess] Scheduler: Sending due task absent-check (app.tasks.slot_tasks.check_absences)
[2026-07-22 15:41:05,959: INFO/MainProcess] Scheduler: Sending due task slot-reminders (app.tasks.slot_tasks.send_slot_reminders)
[2026-07-22 15:42:05,943: INFO/MainProcess] Scheduler: Sending due task absent-check (app.tasks.slot_tasks.check_absences)
[2026-07-22 15:42:05,959: INFO/MainProcess] Scheduler: Sending due task slot-reminders (app.tasks.slot_tasks.send_slot_reminders)
[2026-07-22 15:43:05,943: INFO/MainProcess] Scheduler: Sending due task absent-check (app.tasks.slot_tasks.check_absences)
[2026-07-22 15:43:05,959: INFO/MainProcess] Scheduler: Sending due task slot-reminders (app.tasks.slot_tasks.send_slot_reminders)
[2026-07-22 15:44:05,943: INFO/MainProcess] Scheduler: Sending due task absent-check (app.tasks.slot_tasks.check_absences)
[2026-07-22 15:44:05,959: INFO/MainProcess] Scheduler: Sending due task slot-reminders (app.tasks.slot_tasks.send_slot_reminders)
[2026-07-22 15:45:05,943: INFO/MainProcess] Scheduler: Sending due task absent-check (app.tasks.slot_tasks.check_absences)
[2026-07-22 15:45:05,959: INFO/MainProcess] Scheduler: Sending due task slot-reminders (app.tasks.slot_tasks.send_slot_reminders)
[2026-07-22 15:46:05,943: INFO/MainProcess] Scheduler: Sending due task absent-check (app.tasks.slot_tasks.check_absences)
[2026-07-22 15:46:05,959: INFO/MainProcess] Scheduler: Sending due task slot-reminders (app.tasks.slot_tasks.send_slot_reminders)
[2026-07-22 15:47:05,943: INFO/MainProcess] Scheduler: Sending due task absent-check (app.tasks.slot_tasks.check_absences)
[2026-07-22 15:47:05,959: INFO/MainProcess] Scheduler: Sending due task slot-reminders (app.tasks.slot_tasks.send_slot_reminders)
[2026-07-22 15:48:05,943: INFO/MainProcess] Scheduler: Sending due task absent-check (app.tasks.slot_tasks.check_absences)
[2026-07-22 15:48:05,959: INFO/MainProcess] Scheduler: Sending due task slot-reminders (app.tasks.slot_tasks.send_slot_reminders)
[2026-07-22 15:49:05,943: INFO/MainProcess] Scheduler: Sending due task absent-check (app.tasks.slot_tasks.check_absences)
[2026-07-22 15:49:05,959: INFO/MainProcess] Scheduler: Sending due task slot-reminders (app.tasks.slot_tasks.send_slot_reminders)
[2026-07-22 15:50:05,943: INFO/MainProcess] Scheduler: Sending due task absent-check (app.tasks.slot_tasks.check_absences)
[2026-07-22 15:50:05,959: INFO/MainProcess] Scheduler: Sending due task slot-reminders (app.tasks.slot_tasks.send_slot_reminders)
[2026-07-22 15:51:05,943: INFO/MainProcess] Scheduler: Sending due task absent-check (app.tasks.slot_tasks.check_absences)
[2026-07-22 15:51:05,959: INFO/MainProcess] Scheduler: Sending due task slot-reminders (app.tasks.slot_tasks.send_slot_reminders)
[2026-07-22 15:52:05,943: INFO/MainProcess] Scheduler: Sending due task absent-check (app.tasks.slot_tasks.check_absences)
[2026-07-22 15:52:05,959: INFO/MainProcess] Scheduler: Sending due task slot-reminders (app.tasks.slot_tasks.send_slot_reminders)
[2026-07-22 15:53:23,095: INFO/MainProcess] Scheduler: Sending due task absent-check (app.tasks.slot_tasks.check_absences)
[2026-07-22 15:53:23,098: INFO/MainProcess] Scheduler: Sending due task slot-reminders (app.tasks.slot_tasks.send_slot_reminders)
[2026-07-22 15:54:23,095: INFO/MainProcess] Scheduler: Sending due task absent-check (app.tasks.slot_tasks.check_absences)
[2026-07-22 15:54:23,098: INFO/MainProcess] Scheduler: Sending due task slot-reminders (app.tasks.slot_tasks.send_slot_reminders)
[2026-07-22 15:55:23,095: INFO/MainProcess] Scheduler: Sending due task absent-check (app.tasks.slot_tasks.check_absences)
[2026-07-22 15:55:23,100: INFO/MainProcess] Scheduler: Sending due task slot-reminders (app.tasks.slot_tasks.send_slot_reminders)
[2026-07-22 15:56:38,200: INFO/MainProcess] Scheduler: Sending due task absent-check (app.tasks.slot_tasks.check_absences)
[2026-07-22 15:56:38,204: INFO/MainProcess] Scheduler: Sending due task slot-reminders (app.tasks.slot_tasks.send_slot_reminders)
[2026-07-22 15:57:38,200: INFO/MainProcess] Scheduler: Sending due task absent-check (app.tasks.slot_tasks.check_absences)
[2026-07-22 15:57:38,204: INFO/MainProcess] Scheduler: Sending due task slot-reminders (app.tasks.slot_tasks.send_slot_reminders)
[2026-07-22 15:58:56,699: INFO/MainProcess] Scheduler: Sending due task absent-check (app.tasks.slot_tasks.check_absences)
[2026-07-22 15:58:56,703: INFO/MainProcess] Scheduler: Sending due task slot-reminders (app.tasks.slot_tasks.send_slot_reminders)
[2026-07-22 16:00:09,957: INFO/MainProcess] Scheduler: Sending due task absent-check (app.tasks.slot_tasks.check_absences)
[2026-07-22 16:00:09,960: INFO/MainProcess] Scheduler: Sending due task slot-reminders (app.tasks.slot_tasks.send_slot_reminders)
[2026-07-22 16:01:09,957: INFO/MainProcess] Scheduler: Sending due task absent-check (app.tasks.slot_tasks.check_absences)
[2026-07-22 16:01:09,960: INFO/MainProcess] Scheduler: Sending due task slot-reminders (app.tasks.slot_tasks.send_slot_reminders)
[2026-07-22 16:02:09,957: INFO/MainProcess] Scheduler: Sending due task absent-check (app.tasks.slot_tasks.check_absences)
[2026-07-22 16:02:09,960: INFO/MainProcess] Scheduler: Sending due task slot-reminders (app.tasks.slot_tasks.send_slot_reminders)
[2026-07-22 16:03:09,957: INFO/MainProcess] Scheduler: Sending due task absent-check (app.tasks.slot_tasks.check_absences)
[2026-07-22 16:03:09,961: INFO/MainProcess] Scheduler: Sending due task slot-reminders (app.tasks.slot_tasks.send_slot_reminders)
[2026-07-22 16:04:09,957: INFO/MainProcess] Scheduler: Sending due task absent-check (app.tasks.slot_tasks.check_absences)
[2026-07-22 16:04:09,961: INFO/MainProcess] Scheduler: Sending due task slot-reminders (app.tasks.slot_tasks.send_slot_reminders)
[2026-07-22 16:05:09,957: INFO/MainProcess] Scheduler: Sending due task absent-check (app.tasks.slot_tasks.check_absences)
[2026-07-22 16:05:09,961: INFO/MainProcess] Scheduler: Sending due task slot-reminders (app.tasks.slot_tasks.send_slot_reminders)
[2026-07-22 16:06:09,957: INFO/MainProcess] Scheduler: Sending due task absent-check (app.tasks.slot_tasks.check_absences)
[2026-07-22 16:06:09,961: INFO/MainProcess] Scheduler: Sending due task slot-reminders (app.tasks.slot_tasks.send_slot_reminders)
[2026-07-22 16:07:09,957: INFO/MainProcess] Scheduler: Sending due task absent-check (app.tasks.slot_tasks.check_absences)
[2026-07-22 16:07:09,961: INFO/MainProcess] Scheduler: Sending due task slot-reminders (app.tasks.slot_tasks.send_slot_reminders)
[2026-07-22 16:08:09,957: INFO/MainProcess] Scheduler: Sending due task absent-check (app.tasks.slot_tasks.check_absences)
[2026-07-22 16:08:09,961: INFO/MainProcess] Scheduler: Sending due task slot-reminders (app.tasks.slot_tasks.send_slot_reminders)
[2026-07-22 16:09:09,957: INFO/MainProcess] Scheduler: Sending due task absent-check (app.tasks.slot_tasks.check_absences)
[2026-07-22 16:09:09,961: INFO/MainProcess] Scheduler: Sending due task slot-reminders (app.tasks.slot_tasks.send_slot_reminders)
[2026-07-22 16:10:09,957: INFO/MainProcess] Scheduler: Sending due task absent-check (app.tasks.slot_tasks.check_absences)
[2026-07-22 16:10:09,961: INFO/MainProcess] Scheduler: Sending due task slot-reminders (app.tasks.slot_tasks.send_slot_reminders)
[2026-07-22 16:11:09,957: INFO/MainProcess] Scheduler: Sending due task absent-check (app.tasks.slot_tasks.check_absences)
[2026-07-22 16:11:09,961: INFO/MainProcess] Scheduler: Sending due task slot-reminders (app.tasks.slot_tasks.send_slot_reminders)
[2026-07-22 16:12:09,957: INFO/MainProcess] Scheduler: Sending due task absent-check (app.tasks.slot_tasks.check_absences)
[2026-07-22 16:12:09,961: INFO/MainProcess] Scheduler: Sending due task slot-reminders (app.tasks.slot_tasks.send_slot_reminders)
[2026-07-22 16:13:09,957: INFO/MainProcess] Scheduler: Sending due task absent-check (app.tasks.slot_tasks.check_absences)
[2026-07-22 16:13:09,964: INFO/MainProcess] Scheduler: Sending due task slot-reminders (app.tasks.slot_tasks.send_slot_reminders)
[2026-07-22 16:14:09,957: INFO/MainProcess] Scheduler: Sending due task absent-check (app.tasks.slot_tasks.check_absences)
[2026-07-22 16:14:09,964: INFO/MainProcess] Scheduler: Sending due task slot-reminders (app.tasks.slot_tasks.send_slot_reminders)
[2026-07-22 16:15:09,957: INFO/MainProcess] Scheduler: Sending due task absent-check (app.tasks.slot_tasks.check_absences)
[2026-07-22 16:15:09,964: INFO/MainProcess] Scheduler: Sending due task slot-reminders (app.tasks.slot_tasks.send_slot_reminders)
[2026-07-22 16:16:09,957: INFO/MainProcess] Scheduler: Sending due task absent-check (app.tasks.slot_tasks.check_absences)
[2026-07-22 16:16:09,964: INFO/MainProcess] Scheduler: Sending due task slot-reminders (app.tasks.slot_tasks.send_slot_reminders)
[2026-07-22 16:17:09,957: INFO/MainProcess] Scheduler: Sending due task absent-check (app.tasks.slot_tasks.check_absences)
[2026-07-22 16:17:09,964: INFO/MainProcess] Scheduler: Sending due task slot-reminders (app.tasks.slot_tasks.send_slot_reminders)
[2026-07-22 16:18:09,957: INFO/MainProcess] Scheduler: Sending due task absent-check (app.tasks.slot_tasks.check_absences)
[2026-07-22 16:18:09,964: INFO/MainProcess] Scheduler: Sending due task slot-reminders (app.tasks.slot_tasks.send_slot_reminders)
[2026-07-22 16:19:09,957: INFO/MainProcess] Scheduler: Sending due task absent-check (app.tasks.slot_tasks.check_absences)
[2026-07-22 16:19:09,964: INFO/MainProcess] Scheduler: Sending due task slot-reminders (app.tasks.slot_tasks.send_slot_reminders)
[2026-07-22 16:20:09,957: INFO/MainProcess] Scheduler: Sending due task absent-check (app.tasks.slot_tasks.check_absences)
[2026-07-22 16:20:09,964: INFO/MainProcess] Scheduler: Sending due task slot-reminders (app.tasks.slot_tasks.send_slot_reminders)
[2026-07-22 16:21:09,957: INFO/MainProcess] Scheduler: Sending due task absent-check (app.tasks.slot_tasks.check_absences)
[2026-07-22 16:21:09,964: INFO/MainProcess] Scheduler: Sending due task slot-reminders (app.tasks.slot_tasks.send_slot_reminders)
[2026-07-22 16:22:09,958: INFO/MainProcess] Scheduler: Sending due task absent-check (app.tasks.slot_tasks.check_absences)
[2026-07-22 16:22:09,964: INFO/MainProcess] Scheduler: Sending due task slot-reminders (app.tasks.slot_tasks.send_slot_reminders)
[2026-07-22 16:23:09,958: INFO/MainProcess] Scheduler: Sending due task absent-check (app.tasks.slot_tasks.check_absences)
[2026-07-22 16:23:09,964: INFO/MainProcess] Scheduler: Sending due task slot-reminders (app.tasks.slot_tasks.send_slot_reminders)
[2026-07-22 16:24:09,958: INFO/MainProcess] Scheduler: Sending due task absent-check (app.tasks.slot_tasks.check_absences)
[2026-07-22 16:24:09,964: INFO/MainProcess] Scheduler: Sending due task slot-reminders (app.tasks.slot_tasks.send_slot_reminders)
[2026-07-22 16:25:09,958: INFO/MainProcess] Scheduler: Sending due task absent-check (app.tasks.slot_tasks.check_absences)
[2026-07-22 16:25:09,964: INFO/MainProcess] Scheduler: Sending due task slot-reminders (app.tasks.slot_tasks.send_slot_reminders)
[2026-07-22 16:26:09,958: INFO/MainProcess] Scheduler: Sending due task absent-check (app.tasks.slot_tasks.check_absences)
[2026-07-22 16:26:09,964: INFO/MainProcess] Scheduler: Sending due task slot-reminders (app.tasks.slot_tasks.send_slot_reminders)
[2026-07-22 16:27:09,958: INFO/MainProcess] Scheduler: Sending due task absent-check (app.tasks.slot_tasks.check_absences)
[2026-07-22 16:27:09,964: INFO/MainProcess] Scheduler: Sending due task slot-reminders (app.tasks.slot_tasks.send_slot_reminders)
[2026-07-22 16:28:09,958: INFO/MainProcess] Scheduler: Sending due task absent-check (app.tasks.slot_tasks.check_absences)
[2026-07-22 16:28:09,964: INFO/MainProcess] Scheduler: Sending due task slot-reminders (app.tasks.slot_tasks.send_slot_reminders)
[2026-07-22 16:29:13,670: INFO/MainProcess] Scheduler: Sending due task absent-check (app.tasks.slot_tasks.check_absences)
[2026-07-22 16:29:13,674: INFO/MainProcess] Scheduler: Sending due task slot-reminders (app.tasks.slot_tasks.send_slot_reminders)
[2026-07-22 16:30:26,950: INFO/MainProcess] Scheduler: Sending due task absent-check (app.tasks.slot_tasks.check_absences)
[2026-07-22 16:30:27,039: INFO/MainProcess] Scheduler: Sending due task slot-reminders (app.tasks.slot_tasks.send_slot_reminders)
[2026-07-22 16:31:26,945: INFO/MainProcess] Scheduler: Sending due task absent-check (app.tasks.slot_tasks.check_absences)
[2026-07-22 16:31:27,039: INFO/MainProcess] Scheduler: Sending due task slot-reminders (app.tasks.slot_tasks.send_slot_reminders)
celery beat v5.6.3 (recovery) is starting.
__    -    ... __   -        _
LocalTime -> 2026-07-22 15:07:05
Configuration ->
    . broker -> redis://localhost:6379/1
    . loader -> celery.loaders.app.AppLoader
    . scheduler -> celery.beat.PersistentScheduler
    . db -> celerybeat-schedule
    . logfile -> [stderr]@%INFO
    . maxinterval -> 5.00 minutes (300s)
